[hamidrezasepehr.com/projects/soori/template/shop.html]
[backblue.gif]
[fade.gif]
[index.html]
[hamidrezasepehr.com/projects/soori/template/scss/bootstrap.css]
[hamidrezasepehr.com/projects/soori/template/css/main.css]
[hamidrezasepehr.com/projects/soori/template/css/nav.css]
[hamidrezasepehr.com/projects/soori/template/css/owl.carousel.min.css]
[hamidrezasepehr.com/projects/soori/template/css/owl.theme.default.min.css]
[hamidrezasepehr.com/projects/soori/template/fonts/remixicon.css]
[hamidrezasepehr.com/projects/soori/template/css/locomotive-scroll.min.css]
[hamidrezasepehr.com/projects/soori/template/css/toastr.css]
[hamidrezasepehr.com/projects/soori/template/css/nouislider.css]
[hamidrezasepehr.com/projects/soori/template/index.html]
[hamidrezasepehr.com/projects/soori/template/img/logo-250x250-black.png]
[hamidrezasepehr.com/projects/soori/template/index-2.html]
[hamidrezasepehr.com/projects/soori/template/index-3.html]
[hamidrezasepehr.com/projects/soori/template/index-4.html]
[hamidrezasepehr.com/projects/soori/template/index-5.html]
[hamidrezasepehr.com/projects/soori/template/index-6.html]
[hamidrezasepehr.com/projects/soori/template/index-7.html]
[hamidrezasepehr.com/projects/soori/template/img/nav-2.jpg]
[hamidrezasepehr.com/projects/soori/template/shop-2.html]
[hamidrezasepehr.com/projects/soori/template/single-product.html]
[hamidrezasepehr.com/projects/soori/template/cart.html]
[hamidrezasepehr.com/projects/soori/template/checkout.html]
[hamidrezasepehr.com/projects/soori/template/img/nav-3.jpg]
[hamidrezasepehr.com/projects/soori/template/blog.html]
[hamidrezasepehr.com/projects/soori/template/blog-2.html]
[hamidrezasepehr.com/projects/soori/template/blog-3.html]
[hamidrezasepehr.com/projects/soori/template/blog-4.html]
[hamidrezasepehr.com/projects/soori/template/blog-5.html]
[hamidrezasepehr.com/projects/soori/template/blog-6.html]
[hamidrezasepehr.com/projects/soori/template/single-blog.html]
[hamidrezasepehr.com/projects/soori/template/single-blog-2.html]
[hamidrezasepehr.com/projects/soori/template/img/nav-1.jpg]
[hamidrezasepehr.com/projects/soori/template/footer-1.html]
[hamidrezasepehr.com/projects/soori/template/footer-2.html]
[hamidrezasepehr.com/projects/soori/template/footer-3.html]
[hamidrezasepehr.com/projects/soori/template/footer-4.html]
[hamidrezasepehr.com/projects/soori/template/navbar-1.html]
[hamidrezasepehr.com/projects/soori/template/navbar-2.html]
[hamidrezasepehr.com/projects/soori/template/navbar-3.html]
[hamidrezasepehr.com/projects/soori/template/img/nav-4.jpg]
[hamidrezasepehr.com/projects/soori/template/contact.html]
[hamidrezasepehr.com/projects/soori/template/img/product/product-700x875-1.jpg]
[hamidrezasepehr.com/projects/soori/template/img/product/product-700x875-4.jpg]
[hamidrezasepehr.com/projects/soori/template/img/product/product-700x875-2.jpg]
[hamidrezasepehr.com/projects/soori/template/img/product/product-700x875-5.jpg]
[hamidrezasepehr.com/projects/soori/template/img/product/product-700x875-3.jpg]
[hamidrezasepehr.com/projects/soori/template/img/product/product-700x875-6.jpg]
[hamidrezasepehr.com/projects/soori/template/img/product/shop-header-1366x350-1.jpg]
[hamidrezasepehr.com/projects/soori/template/img/product/product-700x875-17.jpg]
[hamidrezasepehr.com/projects/soori/template/img/product/product-700x875-18.jpg]
[hamidrezasepehr.com/projects/soori/template/img/product/product-700x875-19.jpg]
[hamidrezasepehr.com/projects/soori/template/img/product/product-700x875-20.jpg]
[hamidrezasepehr.com/projects/soori/template/img/product/product-700x875-21.jpg]
[hamidrezasepehr.com/projects/soori/template/img/product/product-700x875-22.jpg]
[hamidrezasepehr.com/projects/soori/template/img/product/product-700x875-23.jpg]
[hamidrezasepehr.com/projects/soori/template/img/product/product-700x875-24.jpg]
[hamidrezasepehr.com/projects/soori/template/img/product/product-700x875-25.jpg]
[hamidrezasepehr.com/projects/soori/template/img/product/product-700x875-26.jpg]
[hamidrezasepehr.com/projects/soori/template/img/product/product-700x875-27.jpg]
[hamidrezasepehr.com/projects/soori/template/img/product/product-700x875-28.jpg]
[hamidrezasepehr.com/projects/soori/template/img/product/product-700x875-29.jpg]
[hamidrezasepehr.com/projects/soori/template/img/product/product-700x875-30.jpg]
[hamidrezasepehr.com/projects/soori/template/img/product/product-700x875-31.jpg]
[hamidrezasepehr.com/projects/soori/template/img/product/product-700x875-32.jpg]
[hamidrezasepehr.com/projects/soori/template/img/product/product-700x875-33.jpg]
[hamidrezasepehr.com/projects/soori/template/img/product/product-700x875-34.jpg]
[hamidrezasepehr.com/projects/soori/template/img/product/product-700x875-35.jpg]
[hamidrezasepehr.com/projects/soori/template/img/product/product-700x875-36.jpg]
[hamidrezasepehr.com/projects/soori/template/img/product/product-700x875-37.jpg]
[hamidrezasepehr.com/projects/soori/template/img/product/product-700x875-38.jpg]
[hamidrezasepehr.com/projects/soori/template/img/product/product-700x875-39.jpg]
[hamidrezasepehr.com/projects/soori/template/img/product/product-700x875-40.jpg]
[hamidrezasepehr.com/projects/soori/template/img/blog/blog-800x550-1.jpg]
[hamidrezasepehr.com/projects/soori/template/img/blog/blog-800x550-2.jpg]
[hamidrezasepehr.com/projects/soori/template/img/blog/blog-800x550-3.jpg]
[hamidrezasepehr.com/projects/soori/template/img/blog/blog-800x550-4.jpg]
[hamidrezasepehr.com/projects/soori/template/img/blog/blog-800x550-5.jpg]
[hamidrezasepehr.com/projects/soori/template/img/blog/blog-800x550-6.jpg]
[hamidrezasepehr.com/projects/soori/template/img/product/product-950x700-1.jpg]
[hamidrezasepehr.com/projects/soori/template/js/jquery-3.6.0.min.js]
[hamidrezasepehr.com/projects/soori/template/js/toastr.min.js]
[hamidrezasepehr.com/projects/soori/template/js/bootstrap.min.js]
[hamidrezasepehr.com/projects/soori/template/js/owl.carousel.min.js]
[hamidrezasepehr.com/projects/soori/template/js/locomotive-scroll.min.js]
[hamidrezasepehr.com/projects/soori/template/js/nouislider.min.js]
[hamidrezasepehr.com/projects/soori/template/js/main.js]
[hamidrezasepehr.com/projects/soori/template/js/nav.js]
[hamidrezasepehr.com/projects/soori/template/shop.html]
[hamidrezasepehr.com/projects/soori/template/scss/bootstrap.css]
[hamidrezasepehr.com/projects/soori/template/css/main.css]
[hamidrezasepehr.com/projects/soori/template/css/nav.css]
[hamidrezasepehr.com/projects/soori/template/css/owl.video.play.png]
[hamidrezasepehr.com/projects/soori/template/css/owl.carousel.min.css]
[hamidrezasepehr.com/projects/soori/template/css/owl.theme.default.min.css]
[hamidrezasepehr.com/projects/soori/template/fonts/remixicondf6d.eot]
[hamidrezasepehr.com/projects/soori/template/fonts/remixicondf6d.woff2]
[hamidrezasepehr.com/projects/soori/template/fonts/remixicondf6d.woff]
[hamidrezasepehr.com/projects/soori/template/fonts/remixicondf6d.ttf]
[hamidrezasepehr.com/projects/soori/template/fonts/remixicon.css]
[hamidrezasepehr.com/projects/soori/template/css/locomotive-scroll.min.css]
[hamidrezasepehr.com/projects/soori/template/css/toastr.css]
[hamidrezasepehr.com/projects/soori/template/css/nouislider.css]
[hamidrezasepehr.com/projects/soori/template/img/home/top-900x1230.jpg]
[hamidrezasepehr.com/projects/soori/template/fonts/remixicondf6d.svg]
[hamidrezasepehr.com/projects/soori/template/img/home/tst.png]
[hamidrezasepehr.com/projects/soori/template/img/home/how-it-works-700x1000.jpg]
[hamidrezasepehr.com/projects/soori/template/img/home/features-700x875.jpg]
[hamidrezasepehr.com/projects/soori/template/img/home/info-1440x700.jpg]
[hamidrezasepehr.com/projects/soori/template/img/home/object-600x600-1.png]
[hamidrezasepehr.com/projects/soori/template/img/home/object-600x600-2.png]
[hamidrezasepehr.com/projects/soori/template/img/home/object-600x600-3.png]
[hamidrezasepehr.com/projects/soori/template/img/home/review-700x875-1.jpg]
[hamidrezasepehr.com/projects/soori/template/img/home/review-700x875-2.jpg]
[hamidrezasepehr.com/projects/soori/template/img/home/footer-1000x1200.jpg]
[hamidrezasepehr.com/projects/soori/template/index.html]
[hamidrezasepehr.com/projects/soori/template/img/home/top-1366x668.jpg]
[hamidrezasepehr.com/projects/soori/template/img/product/product-700x875-7.jpg]
[hamidrezasepehr.com/projects/soori/template/img/product/product-700x875-10.jpg]
[hamidrezasepehr.com/projects/soori/template/img/product/product-700x875-8.jpg]
[hamidrezasepehr.com/projects/soori/template/img/product/product-700x875-11.jpg]
[hamidrezasepehr.com/projects/soori/template/img/product/product-700x875-9.jpg]
[hamidrezasepehr.com/projects/soori/template/img/product/product-700x875-12.jpg]
[hamidrezasepehr.com/projects/soori/template/img/home/about-800x1100.jpg]
[hamidrezasepehr.com/projects/soori/template/img/home/review-700x875-3.jpg]
[hamidrezasepehr.com/projects/soori/template/img/home/review-700x875-6.jpg]
[hamidrezasepehr.com/projects/soori/template/img/home/cta-800x1000.jpg]
[hamidrezasepehr.com/projects/soori/template/img/clients/client-300x300-1.png]
[hamidrezasepehr.com/projects/soori/template/img/clients/client-300x300-2.png]
[hamidrezasepehr.com/projects/soori/template/img/clients/client-300x300-3.png]
[hamidrezasepehr.com/projects/soori/template/img/clients/client-300x300-4.png]
[hamidrezasepehr.com/projects/soori/template/img/clients/client-300x300-5.png]
[hamidrezasepehr.com/projects/soori/template/img/clients/client-300x300-6.png]
[hamidrezasepehr.com/projects/soori/template/img/clients/client-300x300-7.png]
[hamidrezasepehr.com/projects/soori/template/img/clients/client-300x300-8.png]
[hamidrezasepehr.com/projects/soori/template/img/logo-250x250-white.png]
[hamidrezasepehr.com/projects/soori/template/index-2.html]
[hamidrezasepehr.com/projects/soori/template/img/home/top-1000x750-1.jpg]
[hamidrezasepehr.com/projects/soori/template/img/home/top-1000x750-2.jpg]
[hamidrezasepehr.com/projects/soori/template/img/home/top-1000x750-3.jpg]
[hamidrezasepehr.com/projects/soori/template/img/home/top-1000x750-4.jpg]
[hamidrezasepehr.com/projects/soori/template/img/home/top-1000x750-5.jpg]
[hamidrezasepehr.com/projects/soori/template/img/home/top-1000x750-6.jpg]
[hamidrezasepehr.com/projects/soori/template/img/home/features-700x875-2.jpg]
[hamidrezasepehr.com/projects/soori/template/img/home/features-700x875-3.jpg]
[hamidrezasepehr.com/projects/soori/template/img/gallery/gallery-600x800-1.jpg]
[hamidrezasepehr.com/projects/soori/template/img/gallery/gallery-600x800-7.jpg]
[hamidrezasepehr.com/projects/soori/template/img/gallery/gallery-600x800-13.jpg]
[hamidrezasepehr.com/projects/soori/template/img/gallery/gallery-600x800-2.jpg]
[hamidrezasepehr.com/projects/soori/template/img/gallery/gallery-600x800-8.jpg]
[hamidrezasepehr.com/projects/soori/template/img/gallery/gallery-600x800-14.jpg]
[hamidrezasepehr.com/projects/soori/template/img/gallery/gallery-600x800-3.jpg]
[hamidrezasepehr.com/projects/soori/template/img/gallery/gallery-600x800-9.jpg]
[hamidrezasepehr.com/projects/soori/template/img/gallery/gallery-600x800-15.jpg]
[hamidrezasepehr.com/projects/soori/template/img/gallery/gallery-600x800-20.jpg]
[hamidrezasepehr.com/projects/soori/template/img/gallery/gallery-600x800-4.jpg]
[hamidrezasepehr.com/projects/soori/template/img/gallery/gallery-600x800-10.jpg]
[hamidrezasepehr.com/projects/soori/template/img/gallery/gallery-600x800-16.jpg]
[hamidrezasepehr.com/projects/soori/template/img/gallery/gallery-600x800-5.jpg]
[hamidrezasepehr.com/projects/soori/template/img/gallery/gallery-600x800-11.jpg]
[hamidrezasepehr.com/projects/soori/template/img/gallery/gallery-600x800-17.jpg]
[hamidrezasepehr.com/projects/soori/template/img/gallery/gallery-600x800-19.jpg]
[hamidrezasepehr.com/projects/soori/template/img/gallery/gallery-600x800-21.jpg]
[hamidrezasepehr.com/projects/soori/template/img/gallery/gallery-600x800-6.jpg]
[hamidrezasepehr.com/projects/soori/template/img/gallery/gallery-600x800-12.jpg]
[hamidrezasepehr.com/projects/soori/template/img/gallery/gallery-600x800-18.jpg]
[hamidrezasepehr.com/projects/soori/template/img/gallery/gallery-600x800-22.jpg]
[hamidrezasepehr.com/projects/soori/template/img/home/cta-800x1000-2.jpg]
[hamidrezasepehr.com/projects/soori/template/img/product/product-700x875-13.jpg]
[hamidrezasepehr.com/projects/soori/template/img/product/product-700x875-14.jpg]
[hamidrezasepehr.com/projects/soori/template/img/product/product-700x875-15.jpg]
[hamidrezasepehr.com/projects/soori/template/img/product/product-700x875-16.jpg]
[hamidrezasepehr.com/projects/soori/template/index-3.html]
[hamidrezasepehr.com/projects/soori/template/img/home/home-1440x800-1.jpg]
[hamidrezasepehr.com/projects/soori/template/img/home/home-700x1000-1.jpg]
[hamidrezasepehr.com/projects/soori/template/img/home/home-700x900-1.jpg]
[hamidrezasepehr.com/projects/soori/template/img/home/review-700x875-8.jpg]
[hamidrezasepehr.com/projects/soori/template/img/home/review-700x875-7.jpg]
[hamidrezasepehr.com/projects/soori/template/index-4.html]
[hamidrezasepehr.com/projects/soori/template/img/home/top-800x1000-1.jpg]
[hamidrezasepehr.com/projects/soori/template/img/home/top-800x1000-2.jpg]
[hamidrezasepehr.com/projects/soori/template/img/home/top-800x1000-3.jpg]
[hamidrezasepehr.com/projects/soori/template/img/home/top-800x1000-4.jpg]
[hamidrezasepehr.com/projects/soori/template/img/home/top-800x1000-5.jpg]
[hamidrezasepehr.com/projects/soori/template/img/home/top-800x1000-6.jpg]
[hamidrezasepehr.com/projects/soori/template/img/home/cta-800x1000-4.jpg]
[hamidrezasepehr.com/projects/soori/template/img/product/product-700x875-41.jpg]
[hamidrezasepehr.com/projects/soori/template/img/home/features-700x875-4.jpg]
[hamidrezasepehr.com/projects/soori/template/img/home/features-700x875-5.jpg]
[hamidrezasepehr.com/projects/soori/template/index-5.html]
[hamidrezasepehr.com/projects/soori/template/img/home/top-1000x950-1.jpg]
[hamidrezasepehr.com/projects/soori/template/img/home/top-1000x950-2.jpg]
[hamidrezasepehr.com/projects/soori/template/img/home/top-1000x950-3.jpg]
[hamidrezasepehr.com/projects/soori/template/img/home/top-1000x950-4.jpg]
[hamidrezasepehr.com/projects/soori/template/img/home/top-1000x950-5.jpg]
[hamidrezasepehr.com/projects/soori/template/img/home/top-1000x950-6.jpg]
[hamidrezasepehr.com/projects/soori/template/img/home/category-600x600-1.jpg]
[hamidrezasepehr.com/projects/soori/template/img/home/category-1200x600-1.jpg]
[hamidrezasepehr.com/projects/soori/template/img/home/category-600x600-2.jpg]
[hamidrezasepehr.com/projects/soori/template/index-6.html]
[hamidrezasepehr.com/projects/soori/template/img/home/top-1440x700-1.jpg]
[hamidrezasepehr.com/projects/soori/template/img/home/top-1440x700-2.jpg]
[hamidrezasepehr.com/projects/soori/template/img/home/top-1440x700-3.jpg]
[hamidrezasepehr.com/projects/soori/template/img/home/top-1440x700-4.jpg]
[hamidrezasepehr.com/projects/soori/template/img/home/top-1440x700-5.jpg]
[hamidrezasepehr.com/projects/soori/template/img/home/top-1440x700-6.jpg]
[hamidrezasepehr.com/projects/soori/template/img/home/cta-800x1000-3.jpg]
[hamidrezasepehr.com/projects/soori/template/index-7.html]
[hamidrezasepehr.com/projects/soori/template/shop-2.html]
[hamidrezasepehr.com/projects/soori/template/js/jquery.zoom.min.js]
[hamidrezasepehr.com/projects/soori/template/single-product.html]
[hamidrezasepehr.com/projects/soori/template/cart.html]
[hamidrezasepehr.com/projects/soori/template/checkout.html]
[hamidrezasepehr.com/projects/soori/template/img/blog/blog-header-1366x350-1.jpg]
[hamidrezasepehr.com/projects/soori/template/img/blog/blog-800x550-7.jpg]
[hamidrezasepehr.com/projects/soori/template/img/blog/blog-800x550-8.jpg]
[hamidrezasepehr.com/projects/soori/template/img/blog/blog-800x550-9.jpg]
[hamidrezasepehr.com/projects/soori/template/img/blog/blog-800x550-10.jpg]
[hamidrezasepehr.com/projects/soori/template/img/blog/author-400x400-1.jpg]
[hamidrezasepehr.com/projects/soori/template/img/blog/author-signature-400x100.png]
[hamidrezasepehr.com/projects/soori/template/blog.html]
[hamidrezasepehr.com/projects/soori/template/img/blog/blog-800x550-11.jpg]
[hamidrezasepehr.com/projects/soori/template/img/blog/blog-800x550-12.jpg]
[hamidrezasepehr.com/projects/soori/template/blog-2.html]
[hamidrezasepehr.com/projects/soori/template/blog-3.html]
[hamidrezasepehr.com/projects/soori/template/blog-4.html]
[hamidrezasepehr.com/projects/soori/template/blog-5.html]
[hamidrezasepehr.com/projects/soori/template/blog-6.html]
[hamidrezasepehr.com/projects/soori/template/img/blog/single-blog-800x450-1.jpg]
[hamidrezasepehr.com/projects/soori/template/img/blog/single-blog-550x800-1.jpg]
[hamidrezasepehr.com/projects/soori/template/img/blog/single-blog-800x450-2.jpg]
[hamidrezasepehr.com/projects/soori/template/img/blog/single-blog-550x800-2.jpg]
[hamidrezasepehr.com/projects/soori/template/img/blog/author-400x400-2.jpg]
[hamidrezasepehr.com/projects/soori/template/img/blog/author-400x400-3.jpg]
[hamidrezasepehr.com/projects/soori/template/img/blog/author-400x400-4.jpg]
[hamidrezasepehr.com/projects/soori/template/single-blog.html]
[hamidrezasepehr.com/projects/soori/template/single-blog-2.html]
[hamidrezasepehr.com/projects/soori/template/footer-1.html]
[hamidrezasepehr.com/projects/soori/template/footer-2.html]
[hamidrezasepehr.com/projects/soori/template/footer-3.html]
[hamidrezasepehr.com/projects/soori/template/footer-4.html]
[hamidrezasepehr.com/projects/soori/template/navbar-1.html]
[hamidrezasepehr.com/projects/soori/template/navbar-2.html]
[hamidrezasepehr.com/projects/soori/template/navbar-3.html]
[hamidrezasepehr.com/projects/soori/template/img/contact/contact-900x700-1.jpg]
[hamidrezasepehr.com/projects/soori/template/img/contact/contact-700x900-1.jpg]
[hamidrezasepehr.com/projects/soori/template/contact.html]
[hamidrezasepehr.com/projects/soori/template/fonts/remixicondf6d.svg]
